// Jest Snapshot v1, https://goo.gl/fbAQLP

exports[`PlantThumbnail renders correctly 1`] = `
<div
  class="PlantThumbnail__Thumbnail-qnblyr-0 fSfroD"
>
  <img
    alt=""
    src="https://source.unsplash.com/random"
  />
  <h2>
    Strawberry
  </h2>
</div>
`;
