// Jest Snapshot v1, https://goo.gl/fbAQLP

exports[`Home renders correctly 1`] = `
.c0 {
  width: 180px;
  position: absolute;
  top: 0px;
  right: 0px;
}

<svg
  class="c0"
>
  illustration.svg
</svg>
`;
