// Jest Snapshot v1, https://goo.gl/fbAQLP

exports[`SpaceDetails renders correctly 1`] = `
.c6 {
  margin-top: 60px;
  height: 80px;
}

.c7 {
  border: 0.2px solid var(--mediumGrey);
  border-radius: 6px;
  padding: 5px 0 5px;
  display: -webkit-box;
  display: -webkit-flex;
  display: -ms-flexbox;
  display: flex;
  -webkit-align-items: center;
  -webkit-box-align: center;
  -ms-flex-align: center;
  align-items: center;
  -webkit-box-pack: start;
  -webkit-justify-content: flex-start;
  -ms-flex-pack: start;
  justify-content: flex-start;
}

.c9 {
  margin-left: 20px;
  display: grid;
  grid-template: column;
  gap: 5px;
}

.c9 h2 {
  font-weight: 400;
  font-size: 0.8rem;
}

.c9 span {
  font-size: 0.6rem;
  font-weight: 200;
}

.c8 {
  width: 40px;
  height: 40px;
  border-radius: 50%;
  margin-left: 10px;
}

.c0 {
  background: var(--mediumGreen);
  width: 100%;
  height: 100%;
  padding-top: 150px;
}

.c1 {
  fill: var(--white);
  width: 20px;
  position: absolute;
  left: 20px;
  top: 20px;
}

.c2 {
  border-top-left-radius: 10px;
  border-top-right-radius: 10px;
  box-shadow: rgba(0,0,0,0.24) 0px 3px 8px;
  padding: 20px;
  background-color: var(--white);
  width: 100%;
  overflow: none;
  position: relative;
  height: 100%;
}

.c4 {
  height: 80px;
  width: 80px;
  border-radius: 5px;
  display: grid;
  place-items: center;
  border: none;
  background-color: var(--lightGreen);
}

.c5 {
  width: 80%;
}

.c3 {
  display: -webkit-box;
  display: -webkit-flex;
  display: -ms-flexbox;
  display: flex;
  -webkit-flex-direction: column;
  -ms-flex-direction: column;
  flex-direction: column;
  position: absolute;
  top: -50px;
}

.c3 h2 {
  margin: 3px 0;
  opacity: 50%;
}

<div
  class="c0"
>
  <svg
    class="c1"
    data-testid="ArrowDown"
  >
    arrow_down.svg
  </svg>
  <section
    class="c2"
  >
    <div
      class="c3"
    >
      <div
        class="c4"
      >
        <svg
          class="c5"
        >
          banana.svg
        </svg>
      </div>
      <h2 />
    </div>
    <div
      class="c6"
    >
      <div
        class="c7"
      >
        <img
          alt=""
          class="c8"
          src="https://bs.floristic.org/image/o/63073d2fbf45b90701279405ecc2eec0272906ed"
        />
        <div
          class="c9"
        >
          <h2 />
          <span>
            02.12.2020
          </span>
        </div>
      </div>
    </div>
  </section>
</div>
`;
