// Jest Snapshot v1, https://goo.gl/fbAQLP

exports[`SpacesOverview renders correctly 1`] = `
.c0 {
  margin-top: 50px;
  height: 78.5vh;
  display: grid;
  gap: 15px;
  grid-template-columns: 1fr 1fr 1fr;
  grid-auto-rows: min-content;
  place-items: center;
  overflow: auto;
}

.c0 h2 {
  margin-left: 20px;
  font-weight: 400;
  font-size: 0.6rem;
  opacity: 50%;
}

.c2 {
  border: 1px solid var(--medium-grey);
  height: 100px;
  width: 100px;
  border-radius: 5px;
  display: grid;
  place-items: center;
}

.c5 {
  width: 50%;
  display: block;
  fill: var(--dark-grey);
}

.c3 {
  border: none;
  background-color: var(--light-green);
}

.c4 {
  width: 80%;
}

.c1 {
  display: -webkit-box;
  display: -webkit-flex;
  display: -ms-flexbox;
  display: flex;
  -webkit-flex-direction: column;
  -ms-flex-direction: column;
  flex-direction: column;
  justify-self: start;
}

.c1 h2 {
  margin: 3px 0;
  opacity: 100%;
}

<div
  class="c0"
>
  <div
    class="c1"
  >
    <div
      class="c2 c3"
    >
      <svg
        class="c4"
      >
        sunflower.svg
      </svg>
    </div>
    <h2>
      spaceTitle
    </h2>
  </div>
  <div
    class="c1"
  >
    <div
      class="c2 c3"
    >
      <svg
        class="c4"
      >
        sunflower.svg
      </svg>
    </div>
    <h2>
      spaceTitle
    </h2>
  </div>
  <div
    class="c1"
  >
    <div
      class="c2"
    >
      <svg
        class="c5"
      >
        plus.svg
      </svg>
    </div>
    <h2>
      Create a new space
    </h2>
  </div>
</div>
`;
