// Jest Snapshot v1, https://goo.gl/fbAQLP

exports[`SpaceCreator renders correctly 1`] = `
.c0 {
  background: var(--lightGrey);
  width: 100%;
  height: 100%;
  padding: 20px;
}

.c3 {
  width: 60%;
}

.c1 {
  display: -webkit-box;
  display: -webkit-flex;
  display: -ms-flexbox;
  display: flex;
  -webkit-flex-direction: column;
  -ms-flex-direction: column;
  flex-direction: column;
  -webkit-align-items: center;
  -webkit-box-align: center;
  -ms-flex-align: center;
  align-items: center;
  padding-top: 15vh;
}

.c1 label {
  font-weight: 200;
  width: 70%;
  text-align: center;
}

.c2 {
  background: var(--lightGreen);
  width: 50vw;
  height: 50vw;
  border-radius: 6px;
  display: grid;
  place-items: center;
}

.c4 {
  border-bottom: 1px solid var(--mediumGrey);
  width: 80%;
  margin-bottom: 5px;
}

.c4 input {
  text-align: center;
  font-weight: 400;
  font-size: 1rem;
  height: 50px;
  margin-top: 5px;
  padding-left: 10px;
  background: var(--lightGrey);
  color: var(--darkGrey);
  border: 0px;
}

.c4 input:focus {
  outline: none;
}

.c5 {
  display: -webkit-box;
  display: -webkit-flex;
  display: -ms-flexbox;
  display: flex;
  -webkit-box-pack: center;
  -webkit-justify-content: center;
  -ms-flex-pack: center;
  justify-content: center;
  margin-top: 50px;
  width: 80%;
}

.c6 {
  color: var(--white);
  background-color: var(--darkGreen);
  border: none;
  border-radius: 5px;
  width: 100%;
  padding: 15px;
}

<section
  class="c0"
>
  <form
    class="c1"
  >
    <div
      class="c2"
    >
      <svg
        class="c3"
      >
        banana.svg
      </svg>
    </div>
    <div
      class="c4"
    >
      <input
        id="spacetitle"
        type="text"
      />
    </div>
    <label
      for="spacetitle"
    >
      What would you like to name your space?
    </label>
    <div
      class="c5"
    >
      <button
        class="c6"
        disabled=""
      >
        Agree and create space
      </button>
    </div>
  </form>
</section>
`;
